[profile] 解析路径: 海外直播业务线\海外后端\思维-后端\服务\AI学情\AI学情助手完成情况明细（验收中）
[搜索] name=(目录树)
[路径] 海外直播业务线\海外后端\思维-后端\服务\AI学情\AI学情助手完成情况明细（验收中）
[筛选] 无
[日期] 无
[多选] 无
[附加日期] [('日期', '2026-05-24')]
[1/7] 登录...
  ✓ 登录成功
[2/7] 进入「分析展现」...
  ✓ 已进入
[3/7] 打开报表...
  双击展开: 海外直播业务线
    ✓ 已展开 (JS)
  双击展开: 海外后端
    ✓ 已展开 (JS)
  双击展开: 思维-后端
    ✓ 已展开 (JS)
  双击展开: 服务
    ✓ 已展开 (JS)
  双击展开: AI学情
    ✓ 已展开 (JS)
  双击打开: AI学情助手完成情况明细（验收中）
    ✓ 报表已打开 (JS)
  ✓ 报表已打开: AI学情助手完成情况明细（验收中）
[4/7] 检查数据...
  报表无数据，点击刷新...
  ✓ 刷新后有数据: 共 421 行
[5/7] 应用筛选条件...
  设置 日期: 2026-05-24
    ✓ 已设置值: 2026-05-24
[6/7] 导出报表...
  ✓ 点击「导出」
  ✓ 找到「EXCEL」at (517, 229)
  ✓ 点击「EXCEL」
  ✓ 点击「在线导出」
[7/7] 等待下载...
  → 等待服务端生成文件并下载...

✅ 下载完成: C:\Users\fengjianyi\Desktop\周报自动化\exports\4_1\05_ai_learning\AI学情助手完成情况明细（验收中）.xlsx
