[profile] 解析路径: 海外直播业务线\海外后端\思维-后端\服务\首课\海外思维学管服务指标统计表
[搜索] name=(目录树)
[路径] 海外直播业务线\海外后端\思维-后端\服务\首课\海外思维学管服务指标统计表
[筛选] 无
[日期] 无
[多选] 无
[附加日期] [('开始日期', '2026-05-18'), ('结束时间', '2026-05-24 23:59'), ('LP做工开始时间', '2026-05-18'), ('LP做工结束时间', '2026-05-22 23:59')]
[1/7] 登录...
  ✓ 登录成功
[2/7] 进入「分析展现」...
  ✓ 已进入
[3/7] 打开报表...
  双击展开: 海外直播业务线
    ✓ 已展开 (JS)
  双击展开: 海外后端
    ✓ 已展开 (JS)
  双击展开: 思维-后端
    ✓ 已展开 (JS)
  双击展开: 服务
    ✓ 已展开 (JS)
  双击展开: 首课
    ✓ 已展开 (JS)
  双击打开: 海外思维学管服务指标统计表
    ✓ 报表已打开 (JS)
  ✓ 报表已打开: 海外思维学管服务指标统计表
[4/7] 检查数据...
  报表无数据，点击刷新...
  未检测到数据行数
[5/7] 应用筛选条件...
  设置 开始日期: 2026-05-18
    ✓ 已设置值: 2026-05-18
  设置 结束时间: 2026-05-24 23:59
    ✓ 已设置值: 2026-05-24 23:59
  设置 LP做工开始时间: 2026-05-18
    ✓ 已设置值: 2026-05-18
  设置 LP做工结束时间: 2026-05-22 23:59
    ✓ 已设置值: 2026-05-22 23:59
[6/7] 导出报表...
  ✓ 点击「导出」
  ✓ 找到「Excel」at (131, 210)
  ✓ 点击「Excel」
  ✓ 点击「在线导出」
[7/7] 等待下载...
  → 等待服务端生成文件并下载...

✅ 下载完成: C:\Users\fengjianyi\Desktop\周报自动化\exports\4_1\02_lp_first_class\海外思维学管服务指标统计表.xlsx
