[profile] 解析路径: 海外直播业务线\海外后端\思维-后端\其他\海外思维LP架构表
[搜索] name=(目录树)
[路径] 海外直播业务线\海外后端\思维-后端\其他\海外思维LP架构表
[筛选] 无
[日期] 无
[多选] 无
[附加日期] [('日期', '2026-05-21')]
[1/7] 登录...
  ✓ 登录成功
[2/7] 进入「分析展现」...
  ✓ 已进入
[3/7] 打开报表...
  双击展开: 海外直播业务线
    ✓ 已展开 (JS)
  双击展开: 海外后端
    ✓ 已展开 (JS)
  双击展开: 思维-后端
    ✓ 已展开 (JS)
  双击展开: 其他
    ✓ 已展开 (JS)
  双击打开: 海外思维LP架构表
    ✓ 报表已打开 (JS)
  ✓ 报表已打开: 海外思维LP架构表
[4/7] 检查数据...
  报表无数据，点击刷新...
  ✓ 刷新后有数据: 共 107 行
[5/7] 应用筛选条件...
  设置 日期: 2026-05-21
    ✓ 已设置值: 2026-05-21
[6/7] 导出报表...
  ✓ 点击「导出」
  ✓ 找到「EXCEL」at (517, 229)
  ✓ 点击「EXCEL」
  ✓ 点击「在线导出」
[7/7] 等待下载...
  → 等待服务端生成文件并下载...

✅ 下载完成: C:\Users\fengjianyi\Desktop\周报自动化\exports\4_1\06_lp_arch\海外思维LP架构表.xlsx
