[STEP 1] 打开 portal: https://dingding.61info.cn/sys/portal/page.jsp
  [URL] https://dingding.61info.cn/sys/portal/page.jsp
[STEP 2] 未见系统选择页，认为已在 OA 内
  [OA URL] https://dingding.61info.cn/sys/portal/page.jsp
  [SHOT] submit_step1_home.png
[STEP 3] 尝试自动点击「豌豆币添加申请」入口
  [TRY] iframe[7] url=https://dingding.61info.cn/ui-ext/kmaps/kms_farm_map/model0/ count=1
  [AUTO-CLICK OK] via iframe[7]
[STEP 4] 等待表单出现
  [WAIT] 等待表单出现，最多 300s
  [URL] https://dingding.61info.cn/sys/portal/page.jsp
  [HIT] 新 tab 含表单: https://dingding.61info.cn/km/review/km_review_main/kmReviewMain.do?method=add&f
  [SHOT] submit_step2_form.png
[STEP 5] 填写「需要添加的豌豆币/魔力币数总共」= 1257000
  [OK] 已填写 1257000
[STEP 6] 上传附件: 发放豌豆币文档填写模板.xlsx
  [OK] 已上传 发放豌豆币文档填写模板.xlsx
  [VERIFY] 附件名已出现在页面上
  [SHOT] submit_step3_filled.png
[STEP 7] 暂停 15 秒供肉眼复核（确认金额 + 附件）...
[STEP 8] 点击「流程处理 / 提交」
  [WARN] 点击失败: Locator.click: Timeout 30000ms exceeded.
Call log:
  - waiting for locator("a:has-text('流程处理'), a:has-text('提交'), a:has-text('发送'), div.lui_toolbar_btn:has-text('流程处理'), div.lui_toolbar_btn:has-text('提交'), button:has-text('流程处理'), button:has-text('提交'), input[type=submit]").first
    - locator resolved to <div class="lui_toolbar_btn" data-lui-on-class="lui_toolbar_btn_on" data-lui-status-class="lui_toolbar_btn_toggle_on">…</div>
  - attempting click action
    2 × waiting for element to be visible, enabled and stable
      - element is visible, enabled and stable
      - scrolling into view if needed
      - done scrolling
      - <div></div> from <div class="lui_dialog_mask">…</div> subtree intercepts pointer events
    - retrying click action
    - waiting 20ms
    2 × waiting for element to be visible, enabled and stable
      - element is visible, enabled and stable
      - scrolling into view if needed
      - done scrolling
      - <div></div> from <div class="lui_dialog_mask">…</div> subtree intercepts pointer events
    - retrying click action
      - waiting 100ms
    11 × waiting for element to be visible, enabled and stable
       - element is visible, enabled and stable
       - scrolling into view if needed
       - done scrolling
       - <div></div> from <div class="lui_dialog_mask">…</div> subtree intercepts pointer events
     - retrying click action
       - waiting 500ms

  [SHOT] submit_step4_done.png
  [URL] https://dingding.61info.cn/km/review/km_review_main/kmReviewMain.do?method=add&fdTemplateId=17dd724bed53fcf69ddaf5a41b3b2870
[OK] 流程结束。浏览器保持 60 秒便于确认。
