[profile] 解析路径: 海外直播业务线\海外后端\思维-后端\服务\语义分析_服务\海外思维服务SOP执行情况
[搜索] name=(目录树)
[路径] 海外直播业务线\海外后端\思维-后端\服务\语义分析_服务\海外思维服务SOP执行情况
[筛选] {'海外思维团队': '全选'}
[日期] 无
[多选] 无
[附加日期] [('日期', '2026-05-24'), ('做工开始时间', '2026-05-18'), ('做工结束时间', '2026-05-24')]
[1/7] 登录...
  ✓ 登录成功
[2/7] 进入「分析展现」...
  ✓ 已进入
[3/7] 打开报表...
  双击展开: 海外直播业务线
    ✓ 已展开 (JS)
  双击展开: 海外后端
    ✓ 已展开 (JS)
  双击展开: 思维-后端
    ✓ 已展开 (JS)
  双击展开: 服务
    ✓ 已展开 (JS)
  双击展开: 语义分析_服务
    ✓ 已展开 (JS)
  双击打开: 海外思维服务SOP执行情况
    ✓ 报表已打开 (JS)
  ✓ 报表已打开: 海外思维服务SOP执行情况
[4/7] 检查数据...
  报表无数据，点击刷新...
  未检测到数据行数
[5/7] 应用筛选条件...
  → [海外思维团队] = [全选]
    ⚠️ 未找到选项: 全选
  设置 日期: 2026-05-24
    ✓ 已设置值: 2026-05-24
  设置 做工开始时间: 2026-05-18
    ✓ 已设置值: 2026-05-18
  设置 做工结束时间: 2026-05-24
    ✓ 已设置值: 2026-05-24
[6/7] 导出报表...
  ✓ 点击「导出」(JS)
  ✗ 未找到 Excel/EXCEL
[7/7] 等待下载...
  → 等待服务端生成文件并下载...
  ⚠️ 下载事件超时: Timeout 180000ms exceeded while waiting for event "download"
=========================== logs ===========================
waiting for event "download"
============================================================

✅ 下载完成: C:\Users\fengjianyi\Desktop\周报自动化\exports\4_1\01_sop\_run.log
